c:\users\kuanj\source\repos\wiu\wiu\x64\debug\vc145.pdb
c:\users\kuanj\source\repos\wiu\wiu\x64\debug\vc145.idb
c:\users\kuanj\source\repos\wiu\wiu\x64\debug\world.obj
c:\users\kuanj\source\repos\wiu\wiu\x64\debug\water.obj
c:\users\kuanj\source\repos\wiu\wiu\x64\debug\survivors.obj
c:\users\kuanj\source\repos\wiu\wiu\x64\debug\source.obj
c:\users\kuanj\source\repos\wiu\wiu\x64\debug\skinwalker.obj
c:\users\kuanj\source\repos\wiu\wiu\x64\debug\scenarios.obj
c:\users\kuanj\source\repos\wiu\wiu\x64\debug\player.obj
c:\users\kuanj\source\repos\wiu\wiu\x64\debug\object.obj
c:\users\kuanj\source\repos\wiu\wiu\x64\debug\material.obj
c:\users\kuanj\source\repos\wiu\wiu\x64\debug\inventory.obj
c:\users\kuanj\source\repos\wiu\wiu\x64\debug\house.obj
c:\users\kuanj\source\repos\wiu\wiu\x64\debug\game.obj
c:\users\kuanj\source\repos\wiu\wiu\x64\debug\food.obj
c:\users\kuanj\source\repos\wiu\wiu\x64\debug\equipment.obj
c:\users\kuanj\source\repos\wiu\wiu\x64\debug\entity.obj
c:\users\kuanj\source\repos\wiu\wiu\x64\debug\endings.obj
c:\users\kuanj\source\repos\wiu\wiu\x64\debug\chunks.obj
c:\users\kuanj\source\repos\wiu\wiu\x64\debug\car.obj
c:\users\kuanj\source\repos\wiu\x64\debug\wiu.exe
c:\users\kuanj\source\repos\wiu\x64\debug\wiu.pdb
c:\users\kuanj\source\repos\wiu\wiu\x64\debug\wiu.ilk
c:\users\kuanj\source\repos\wiu\wiu\x64\debug\wiu.tlog\cl.command.1.tlog
c:\users\kuanj\source\repos\wiu\wiu\x64\debug\wiu.tlog\cl.items.tlog
c:\users\kuanj\source\repos\wiu\wiu\x64\debug\wiu.tlog\cl.read.1.tlog
c:\users\kuanj\source\repos\wiu\wiu\x64\debug\wiu.tlog\cl.write.1.tlog
c:\users\kuanj\source\repos\wiu\wiu\x64\debug\wiu.tlog\link.command.1.tlog
c:\users\kuanj\source\repos\wiu\wiu\x64\debug\wiu.tlog\link.read.1.tlog
c:\users\kuanj\source\repos\wiu\wiu\x64\debug\wiu.tlog\link.secondary.1.tlog
c:\users\kuanj\source\repos\wiu\wiu\x64\debug\wiu.tlog\link.write.1.tlog
